// Jest Snapshot v1, https://goo.gl/fbAQLP

exports[`renders correctly 1`] = `
<section
  className="footer"
>
  Copyright ©️ 2022
  <a
    href="https://github.com/benardop"
  >
    benardop
  </a>
  <a
    href="https://github.com/mirwaisfarahi"
  >
    mirwaisfarahi
  </a>
  <img
    alt="github-logo"
    className="footerImg"
    src="github.svg"
  />
</section>
`;
